
Compiling lib\main.dart for the Web...                          
C:\src\flutter\bin\flutter.bat : Target dart2js failed: ProcessException: Process exited abnormally with exit code 1:
At line:1 char:1
+ C:\src\flutter\bin\flutter.bat build web --no-pub > build_output.txt  ...
+ ~~~~~~~~~~~~~~~~~~~~~~~~~~~~~~~~~~~~~~~~~~~~~~~~~~~~~~~~~~~~~~~~~~~~~
    + CategoryInfo          : NotSpecified: (Target dart2js ...th exit code 1::String) [], RemoteException
    + FullyQualifiedErrorId : NativeCommandError
 
lib/screens/dashboard_screen.dart:232:19:
Error: Can't find ')' to match '('.
    return InkWell(
                  ^
lib/screens/hub_browse_screen.dart:231:19:
Error: Can't find ')' to match '('.
    return InkWell(
                  ^
lib/screens/my_rides_screen.dart:129:28:
Error: The method 'push' isn't defined for the class 'BuildContext'.
 - 'BuildContext' is from 'package:flutter/src/widgets/framework.dart' 
('/C:/src/flutter/packages/flutter/lib/src/widgets/framework.dart').
      onTap: () => context.push('/ride-details/1'),
                           ^^^^
lib/screens/driver_dashboard_screen.dart:21:38:
Error: The method 'push' isn't defined for the class 'BuildContext'.
 - 'BuildContext' is from 'package:flutter/src/widgets/framework.dart' 
('/C:/src/flutter/packages/flutter/lib/src/widgets/framework.dart').
            onPressed: () => context.push('/notifications'),
                                     ^^^^
lib/screens/driver_dashboard_screen.dart:52:46:
Error: The method 'push' isn't defined for the class 'BuildContext'.
 - 'BuildContext' is from 'package:flutter/src/widgets/framework.dart' 
('/C:/src/flutter/packages/flutter/lib/src/widgets/framework.dart').
                    onPressed: () => context.push('/driver/onboarding'),
                                             ^^^^
lib/screens/driver_dashboard_screen.dart:82:44:
Error: The method 'push' isn't defined for the class 'BuildContext'.
 - 'BuildContext' is from 'package:flutter/src/widgets/framework.dart' 
('/C:/src/flutter/packages/flutter/lib/src/widgets/framework.dart').
                      onTap: () => context.push('/driver/shift-summary'),
                                           ^^^^
lib/screens/driver_dashboard_screen.dart:104:48:
Error: The method 'push' isn't defined for the class 'BuildContext'.
 - 'BuildContext' is from 'package:flutter/src/widgets/framework.dart' 
('/C:/src/flutter/packages/flutter/lib/src/widgets/framework.dart').
                      onPressed: () => context.push('/driver/active-trip'),
                                               ^^^^
lib/screens/driver_dashboard_screen.dart:119:48:
Error: The method 'push' isn't defined for the class 'BuildContext'.
 - 'BuildContext' is from 'package:flutter/src/widgets/framework.dart' 
('/C:/src/flutter/packages/flutter/lib/src/widgets/framework.dart').
                      onPressed: () => context.push('/driver/vehicles'),
                                               ^^^^
lib/screens/driver_dashboard_screen.dart:134:48:
Error: The method 'push' isn't defined for the class 'BuildContext'.
 - 'BuildContext' is from 'package:flutter/src/widgets/framework.dart' 
('/C:/src/flutter/packages/flutter/lib/src/widgets/framework.dart').
                      onPressed: () => context.push('/driver/telematics'),
                                               ^^^^
lib/screens/driver_dashboard_screen.dart:149:48:
Error: The method 'push' isn't defined for the class 'BuildContext'.
 - 'BuildContext' is from 'package:flutter/src/widgets/framework.dart' 
('/C:/src/flutter/packages/flutter/lib/src/widgets/framework.dart').
                      onPressed: () => context.push('/driver/maintenance-schedule'),
                                               ^^^^
lib/screens/driver_dashboard_screen.dart:164:48:
Error: The method 'push' isn't defined for the class 'BuildContext'.
 - 'BuildContext' is from 'package:flutter/src/widgets/framework.dart' 
('/C:/src/flutter/packages/flutter/lib/src/widgets/framework.dart').
                      onPressed: () => context.push('/driver/performance'),
                                               ^^^^
lib/screens/driver_dashboard_screen.dart:184:42:
Error: The method 'push' isn't defined for the class 'BuildContext'.
 - 'BuildContext' is from 'package:flutter/src/widgets/framework.dart' 
('/C:/src/flutter/packages/flutter/lib/src/widgets/framework.dart').
                    onTap: () => context.push('/driver/earnings'),
                                         ^^^^
lib/screens/admin_overview_screen.dart:82:42:
Error: The method 'push' isn't defined for the class 'BuildContext'.
 - 'BuildContext' is from 'package:flutter/src/widgets/framework.dart' 
('/C:/src/flutter/packages/flutter/lib/src/widgets/framework.dart').
                    onTap: () => context.push('/admin/verifications'),
                                         ^^^^
lib/screens/admin_overview_screen.dart:101:42:
Error: The method 'push' isn't defined for the class 'BuildContext'.
 - 'BuildContext' is from 'package:flutter/src/widgets/framework.dart' 
('/C:/src/flutter/packages/flutter/lib/src/widgets/framework.dart').
                    onTap: () => context.push('/admin/users'),
                                         ^^^^
lib/screens/admin_overview_screen.dart:152:48:
Error: The method 'push' isn't defined for the class 'BuildContext'.
 - 'BuildContext' is from 'package:flutter/src/widgets/framework.dart' 
('/C:/src/flutter/packages/flutter/lib/src/widgets/framework.dart').
                      onPressed: () => context.push('/admin/settings'),
                                               ^^^^
lib/screens/hub_browse_screen.dart:47:44:
Error: The method 'push' isn't defined for the class 'BuildContext'.
 - 'BuildContext' is from 'package:flutter/src/widgets/framework.dart' 
('/C:/src/flutter/packages/flutter/lib/src/widgets/framework.dart').
                  onPressed: () => context.push('/hub/compare'),
                                           ^^^^
lib/screens/hub_browse_screen.dart:232:28:
Error: The method 'push' isn't defined for the class 'BuildContext'.
 - 'BuildContext' is from 'package:flutter/src/widgets/framework.dart' 
('/C:/src/flutter/packages/flutter/lib/src/widgets/framework.dart').
      onTap: () => context.push('/preferences'),
                           ^^^^
lib/screens/trip_completed_driver_screen.dart:132:61:
Error: Member not found: 'conversion_path'.
                      Expanded(child: _buildSmallStat(Icons.conversion_path, '4.5', 'km')),
                                                            ^^^^^^^^^^^^^^^
Error: Compilation failed.
  Command: C:\src\flutter\bin\cache\dart-sdk\bin\dart.exe --disable-dart-dev 
C:\src\flutter\bin\cache\dart-sdk\bin\snapshots\dart2js.dart.snapshot 
--platform-binaries=C:\src\flutter\bin\cache\flutter_web_sdk\kernel --invoker=flutter_tool -Ddart.vm.product=true 
-DFLUTTER_WEB_AUTO_DETECT=true 
-DFLUTTER_WEB_CANVASKIT_URL=https://www.gstatic.com/flutter-canvaskit/c4cd48e186460b32d44585ce3c103271ab676355/ 
--native-null-assertions --no-source-maps -o C:\Users\Muzomuhle 
Mathe\Downloads\stitch_pixel_perfect_match\ebell\.dart_tool\flutter_build\a88bbc4b0887312fa849c4c867bee9dc\app.dill 
--packages=.dart_tool/package_config.json --cfe-only C:\Users\Muzomuhle 
Mathe\Downloads\stitch_pixel_perfect_match\ebell\.dart_tool\flutter_build\a88bbc4b0887312fa849c4c867bee9dc\main.dart
#0      RunResult.throwException (package:flutter_tools/src/base/process.dart:127:5)
#1      _DefaultProcessUtils.run (package:flutter_tools/src/base/process.dart:326:19)
<asynchronous suspension>
#2      Dart2JSTarget.build (package:flutter_tools/src/build_system/targets/web.dart:188:5)
<asynchronous suspension>
#3      _BuildInstance._invokeInternal (package:flutter_tools/src/build_system/build_system.dart:861:9)
<asynchronous suspension>
#4      Future.wait.<anonymous closure> (dart:async/future.dart:518:21)
<asynchronous suspension>
#5      _BuildInstance.invokeTarget (package:flutter_tools/src/build_system/build_system.dart:799:32)
<asynchronous suspension>
#6      Future.wait.<anonymous closure> (dart:async/future.dart:518:21)
<asynchronous suspension>
#7      _BuildInstance.invokeTarget (package:flutter_tools/src/build_system/build_system.dart:799:32)
<asynchronous suspension>
#8      FlutterBuildSystem.build (package:flutter_tools/src/build_system/build_system.dart:628:16)
<asynchronous suspension>
#9      WebBuilder.buildWeb (package:flutter_tools/src/web/compile.dart:93:34)
<asynchronous suspension>
#10     BuildWebCommand.runCommand (package:flutter_tools/src/commands/build_web.dart:200:5)
<asynchronous suspension>
#11     FlutterCommand.run.<anonymous closure> (package:flutter_tools/src/runner/flutter_command.dart:1389:27)
<asynchronous suspension>
#12     AppContext.run.<anonymous closure> (package:flutter_tools/src/base/context.dart:153:19)
<asynchronous suspension>
#13     CommandRunner.runCommand (package:args/command_runner.dart:212:13)
<asynchronous suspension>
#14     FlutterCommandRunner.runCommand.<anonymous closure> 
(package:flutter_tools/src/runner/flutter_command_runner.dart:355:9)
<asynchronous suspension>
#15     AppContext.run.<anonymous closure> (package:flutter_tools/src/base/context.dart:153:19)
<asynchronous suspension>
#16     FlutterCommandRunner.runCommand (package:flutter_tools/src/runner/flutter_command_runner.dart:295:5)
<asynchronous suspension>
#17     run.<anonymous closure>.<anonymous closure> (package:flutter_tools/runner.dart:119:9)
<asynchronous suspension>
#18     AppContext.run.<anonymous closure> (package:flutter_tools/src/base/context.dart:153:19)
<asynchronous suspension>
#19     main (package:flutter_tools/executable.dart:90:3)
<asynchronous suspension>

Compiling lib\main.dart for the Web...                             63.3s
Error: Failed to compile application for the Web.
